Warning[w6]: Type conflict for external/entry "gizwitsEventProcess", in module gizwits_protocol against external/entry in module gizwits_product; prototyped function vs K&R function
  /* In module gizwits_protocol: */
  /* K&R Function, args 0, attr 0 */
  int (__cc_version2 gizwitsEventProcess)();
  /* In module gizwits_product: */
  /* Function, args 3, attr 0 */
  int8_t (__cc_version2 gizwitsEventProcess)(eventInfo_t *,
                                             uint8_t *,
                                             uint32_t);
    typedef signed char int8_t;
    typedef struct __Unnamed_1_121 eventInfo_t;
    typedef unsigned char uint8_t;
    typedef unsigned long uint32_t;
Warning[w6]: Type conflict for external/entry "uart0_byte", in module gizwits_product against external/entry in module uart; prototyped function vs K&R function
  /* In module gizwits_product: */
  /* K&R Function, args 0, attr 0 */
  int (__cc_version2 uart0_byte)();
  /* In module uart: */
  /* Function, args 1, attr 0 */
  void (__cc_version2 uart0_byte)(uint8_t);
    typedef unsigned char uint8_t;
################################################################################
#                                                                              #
#      IAR Universal Linker V6.4.6.89                                          #
#                                                                              #
#           Link time     =  27/Jul/2017  11:28:57                             #
#           Target CPU    =  MSP430                                            #
#           List file     =  D:\FAE\MCU\MSP430\TEST\test4\Debug\List\test4.map #
#           Output file 1 =  D:\FAE\MCU\MSP430\TEST\test4\Debug\Exe\test4.txt  #
#                            Format: msp430_txt                                #
#           Command line  =  -f                                                #
#                            C:\Users\Gizwits\AppData\Local\Temp\EW8045.tmp    #
#                            (D:\FAE\MCU\MSP430\TEST\test4\Debug\Obj\gizwits_p #
#                            roduct.r43                                        #
#                            D:\FAE\MCU\MSP430\TEST\test4\Debug\Obj\gizwits_pr #
#                            otocol.r43                                        #
#                            D:\FAE\MCU\MSP430\TEST\test4\Debug\Obj\main.r43   #
#                            D:\FAE\MCU\MSP430\TEST\test4\Debug\Obj\uart.r43   #
#                            -o                                                #
#                            D:\FAE\MCU\MSP430\TEST\test4\Debug\Exe\test4.txt  #
#                            -Fmsp430_txt -l                                   #
#                            D:\FAE\MCU\MSP430\TEST\test4\Debug\List\test4.map #
#                            -xms -IE:\IAR\430\LIB\ -f                         #
#                            E:\IAR\430\config\linker\lnk430f149.xcl           #
#                            (-cmsp430 -QCODE_I=CODE_ID -QTLS16_I=TLS16_ID     #
#                            -D__iar_HWMUL=130 -Z(CONST)INFO=1000-10FF         #
#                            -Z(CONST)INFOA=1080-10FF                          #
#                            -Z(CONST)INFOB=1000-107F                          #
#                            -Z(DATA)DATA16_I,DATA16_Z,DATA16_N,TLS16_I=0200-0 #
#                            9FF                                               #
#                            -Z(DATA)DATA16_HEAP+_DATA16_HEAP_SIZE             #
#                            -Z(DATA)CODE_I -Z(DATA)CSTACK+_STACK_SIZE#        #
#                            -Z(CONST)DATA16_C,DATA16_ID,TLS16_ID,DIFUNCT,CHEC #
#                            KSUM=1100-FFDF                                    #
#                            -Z(CODE)CSTART,ISR_CODE,CODE_ID=1100-FFDF         #
#                            -P(CODE)CODE=1100-FFDF -Z(CODE)INTVEC=FFE0-FFFF   #
#                            -Z(CODE)RESET=FFFE-FFFF) -f                       #
#                            E:\IAR\430\config\linker\multiplier.xcl           #
#                            (-e?Mul8Hw=?Mul8 -e?Mul16Hw=?Mul16                #
#                            -e?Mul16to32uHw=?Mul16to32u                       #
#                            -e?Mul16to32sHw=?Mul16to32s -e?Mul32Hw=?Mul32     #
#                            -e_Mul64iHw=_Mul64i                               #
#                            -e_Mul32u32uto64iHw=_Mul32u32uto64i               #
#                            -e?Mul32fHw=_Mul32f -e_Mul64fHwPtr=_Mul64fPtr)    #
#                            -D_STACK_SIZE=50                                  #
#                            E:\IAR\430\lib\dlib\dl430fn.r43                   #
#                            -e_PrintfLarge=_Printf -e_ScanfLarge=_Scanf       #
#                            -D_DATA16_HEAP_SIZE=50 -s __program_start         #
#                            -D_DATA20_HEAP_SIZE=50)                           #
#                                                                              #
#                           Copyright (C) 1987-2016 IAR Systems AB.            #
################################################################################





                ****************************************
                *                                      *
                *           CROSS REFERENCE            *
                *                                      *
                ****************************************

       Program entry at :           199C  Relocatable, from module : ?cstart




                ****************************************
                *                                      *
                *            RUNTIME MODEL             *
                *                                      *
                ****************************************

  __Heap_Handler             = Basic
  __SystemLibrary            = DLib
  __core                     = 430
  __dlib_file_descriptor     = 0
  __dlib_full_locale_support = 0
  __double_size              = 32
  __pic                      = no
  __reg_r4                   = free
  __reg_r5                   = free
  __rt_version               = 3

                ****************************************
                *                                      *
                *    AUTOMATIC SYMBOL REDIRECTIONS     *
                *                                      *
                ****************************************

                  There are no automatic symbol redirections.



                ****************************************
                *                                      *
                *              MODULE MAP              *
                *                                      *
                ****************************************


  DEFINED ABSOLUTE ENTRIES
    *************************************************************************

  DEFINED ABSOLUTE ENTRIES
  PROGRAM MODULE, NAME : ?ABS_ENTRY_MOD

Absolute parts
           ENTRY                   ADDRESS         REF BY
           =====                   =======         ======
           _DATA20_HEAP_SIZE       0050 
           _DATA16_HEAP_SIZE       0050 
           _STACK_SIZE             0050 
           __iar_HWMUL             0130            ?Mul16to32sHw (?Mul16to32sHw)
                                                   ?Mul32Hw (?Mul32Hw)
                                                   ?Mul32fHw (?Mul32fHw)
                                                   Segment part 1 (?Mul8Hw)
    *************************************************************************

  FILE NAME : D:\FAE\MCU\MSP430\TEST\test4\Debug\Obj\gizwits_product.r43
  PROGRAM MODULE, NAME : gizwits_product

  SEGMENTS IN THE MODULE
  ======================
DATA16_AN
  Relative segment, address: 0021 - 0021 (0x1 bytes), align: 0
  Segment part 1. ROOT        Intra module refs:   gizwitsEventProcess
           ENTRY                   ADDRESS         REF BY
           =====                   =======         ======
           P1OUT                   0021 
    -------------------------------------------------------------------------
<CODE> 1 (was CODE)
  Relative segment, address: 2FD2 - 3179 (0x1a8 bytes), align: 1
  Segment part 14.
           ENTRY                   ADDRESS         REF BY
           =====                   =======         ======
           gizwitsEventProcess     2FD2            gizwitsHandle (gizwits_protocol)
               calls direct
    -------------------------------------------------------------------------
<CODE> 1 (was CODE)
  Relative segment, address: 4FBA - 4FBD (0x4 bytes), align: 1
  Segment part 15.
           ENTRY                   ADDRESS         REF BY
           =====                   =======         ======
           mcuRestart              4FBA            gizProtocolReboot (gizwits_protocol)
               calls indirect
    -------------------------------------------------------------------------
DATA16_Z
  Relative segment, address: 0200 - 0203 (0x4 bytes), align: 1
  Segment part 13.            Intra module refs:   gizGetTimerCount
                                                   gizTimerMs
           LOCAL                   ADDRESS         
           =====                   =======         
           timerMsCount            0200 
    -------------------------------------------------------------------------
<CODE> 1 (was CODE)
  Relative segment, address: 4FA8 - 4FB1 (0xa bytes), align: 1
  Segment part 16.
           ENTRY                   ADDRESS         REF BY
           =====                   =======         ======
           gizTimerMs              4FA8            Timer_A (uart)
    -------------------------------------------------------------------------
<CODE> 1 (was CODE)
  Relative segment, address: 4F9E - 4FA7 (0xa bytes), align: 1
  Segment part 17.            Intra module refs:   uartWrite
           ENTRY                   ADDRESS         REF BY
           =====                   =======         ======
           gizGetTimerCount        4F9E            gizDevReportPolicy (gizwits_protocol)
                                                   gizProtocolAckHandle (gizwits_protocol)
                                                   gizProtocolReboot (gizwits_protocol)
                                                   gizProtocolResendData (gizwits_protocol)
                                                   gizProtocolWaitAck (gizwits_protocol)
                                                   gizwitsHandle (gizwits_protocol)
    -------------------------------------------------------------------------
<CODE> 1 (was CODE)
  Relative segment, address: 42B8 - 4359 (0xa2 bytes), align: 1
  Segment part 18.
           ENTRY                   ADDRESS         REF BY
           =====                   =======         ======
           uartWrite               42B8            gizProtocolCommonAck (gizwits_protocol)
                                                   gizProtocolErrorCmd (gizwits_protocol)
                                                   gizProtocolGetDeviceInfo (gizwits_protocol)
                                                   gizProtocolIssuedDataAck (gizwits_protocol)
                                                   gizProtocolResendData (gizwits_protocol)
                                                   gizReportData (gizwits_protocol)
               calls direct
    -------------------------------------------------------------------------
DATA16_C
  Relative segment, address: 1100 - 1114 (0x15 bytes), align: 0
  Segment part 3.             Intra module refs:   gizwitsEventProcess
    -------------------------------------------------------------------------
DATA16_C
  Relative segment, address: 1115 - 1129 (0x15 bytes), align: 0
  Segment part 4.             Intra module refs:   gizwitsEventProcess
    -------------------------------------------------------------------------
DATA16_C
  Relative segment, address: 112A - 113E (0x15 bytes), align: 0
  Segment part 5.             Intra module refs:   gizwitsEventProcess
    -------------------------------------------------------------------------
DATA16_C
  Relative segment, address: 113F - 1155 (0x17 bytes), align: 0
  Segment part 6.             Intra module refs:   gizwitsEventProcess
    -------------------------------------------------------------------------
DATA16_C
  Relative segment, address: 1156 - 115E (0x9 bytes), align: 0
  Segment part 7.             Intra module refs:   gizwitsEventProcess
    -------------------------------------------------------------------------
DATA16_C
  Relative segment, address: 115F - 1171 (0x13 bytes), align: 0
  Segment part 8.             Intra module refs:   gizwitsEventProcess
    -------------------------------------------------------------------------
DATA16_C
  Relative segment, address: 1172 - 119C (0x2b bytes), align: 0
  Segment part 9.             Intra module refs:   gizwitsEventProcess
    -------------------------------------------------------------------------
DATA16_C
  Relative segment, address: 119D - 11B0 (0x14 bytes), align: 0
  Segment part 10.            Intra module refs:   uartWrite
    -------------------------------------------------------------------------
DATA16_C
  Relative segment, address: 11B1 - 11B6 (0x6 bytes), align: 0
  Segment part 11.            Intra module refs:   uartWrite
    -------------------------------------------------------------------------
DATA16_C
  Relative segment, address: 11B7 - 11B8 (0x2 bytes), align: 0
  Segment part 12.            Intra module refs:   uartWrite

    *************************************************************************

  FILE NAME : D:\FAE\MCU\MSP430\TEST\test4\Debug\Obj\gizwits_protocol.r43
  PROGRAM MODULE, NAME : gizwits_protocol

  SEGMENTS IN THE MODULE
  ======================
DATA16_Z
  Relative segment, address: 0206 - 0310 (0x10b bytes), align: 0
  Segment part 71.            Intra module refs:   gizDevReportPolicy
                                                   gizProtocolAckHandle
                                                   gizProtocolIssuedProcess
                                                   gizProtocolModuleStatus
                                                   gizProtocolNTP
                                                   gizProtocolResendData
                                                   gizProtocolWaitAck
                                                   gizProtocolWaitAckCheck
                                                   gizReportData
                                                   gizwitsHandle
                                                   gizwitsInit
           ENTRY                   ADDRESS         REF BY
           =====                   =======         ======
           gizwitsProtocol         0206 
    -------------------------------------------------------------------------
DATA16_Z
  Relative segment, address: 0311 - 0318 (0x8 bytes), align: 0
  Segment part 72.            Intra module refs:   gizPutData
                                                   gizwitsHandle
                                                   gizwitsInit
           ENTRY                   ADDRESS         REF BY
           =====                   =======         ======
           pRb                     0311 
    -------------------------------------------------------------------------
DATA16_Z
  Relative segment, address: 0319 - 0382 (0x6a bytes), align: 0
  Segment part 73.            Intra module refs:   gizwitsInit
           LOCAL                   ADDRESS         
           =====                   =======         
           rbBuf                   0319 
    -------------------------------------------------------------------------
<CODE> 1 (was CODE)
  Relative segment, address: 4D18 - 4D3D (0x26 bytes), align: 1
  Segment part 79.            Intra module refs:   gizwitsInit
           LOCAL                   ADDRESS         
           =====                   =======         
           rbCreate                4D18 
               calls direct
    -------------------------------------------------------------------------
<CODE> 1 (was CODE)
  Relative segment, address: 4C74 - 4C9D (0x2a bytes), align: 1
  Segment part 80.            Intra module refs:   rbCanRead
                                                   rbCanWrite
                                                   rbRead
                                                   rbWrite
           LOCAL                   ADDRESS         
           =====                   =======         
           rbCapacity              4C74 
               calls direct
    -------------------------------------------------------------------------
<CODE> 1 (was CODE)
  Relative segment, address: 3D5A - 3E45 (0xec bytes), align: 1
  Segment part 81.            Intra module refs:   gizProtocolGetOnePacket
                                                   rbCanWrite
                                                   rbRead
           LOCAL                   ADDRESS         
           =====                   =======         
           rbCanRead               3D5A 
               calls direct
    -------------------------------------------------------------------------
<CODE> 1 (was CODE)
  Relative segment, address: 4A74 - 4AA9 (0x36 bytes), align: 1
  Segment part 82.            Intra module refs:   rbWrite
           LOCAL                   ADDRESS         
           =====                   =======         
           rbCanWrite              4A74 
               calls direct
    -------------------------------------------------------------------------
<CODE> 1 (was CODE)
  Relative segment, address: 2C12 - 2DF3 (0x1e2 bytes), align: 1
  Segment part 83.            Intra module refs:   gizProtocolGetOnePacket
           LOCAL                   ADDRESS         
           =====                   =======         
           rbRead                  2C12 
               calls direct
    -------------------------------------------------------------------------
<CODE> 1 (was CODE)
  Relative segment, address: 2DF4 - 2FD1 (0x1de bytes), align: 1
  Segment part 84.            Intra module refs:   gizPutData
           LOCAL                   ADDRESS         
           =====                   =======         
           rbWrite                 2DF4 
               calls direct
    -------------------------------------------------------------------------
<CODE> 1 (was CODE)
  Relative segment, address: 4820 - 486D (0x4e bytes), align: 1
  Segment part 85.
           ENTRY                   ADDRESS         REF BY
           =====                   =======         ======
           gizPutData              4820            UART0_RXISR (uart)
               calls direct
    -------------------------------------------------------------------------
<CODE> 1 (was CODE)
  Relative segment, address: 4778 - 47CD (0x56 bytes), align: 1
  Segment part 86.            Intra module refs:   gizProtocolCommonAck
                                                   gizProtocolErrorCmd
                                                   gizProtocolGetDeviceInfo
                                                   gizProtocolGetOnePacket
                                                   gizProtocolIssuedDataAck
                                                   gizReportData
           LOCAL                   ADDRESS         
           =====                   =======         
           gizProtocolSum          4778 
               calls direct
    -------------------------------------------------------------------------
<CODE> 1 (was CODE)
  Relative segment, address: 4DD6 - 4DEF (0x1a bytes), align: 1
  Segment part 87.            Intra module refs:   gizProtocolCommonAck
                                                   gizProtocolErrorCmd
                                                   gizProtocolGetDeviceInfo
                                                   gizProtocolGetOnePacket
                                                   gizProtocolIssuedDataAck
                                                   gizProtocolModuleStatus
                                                   gizProtocolNTP
                                                   gizReportData
           LOCAL                   ADDRESS         
           =====                   =======         
           gizProtocolExchangeBytes
                                   4DD6 
    -------------------------------------------------------------------------
<CODE> 1 (was CODE)
  Relative segment, address: 4720 - 4777 (0x58 bytes), align: 1
  Segment part 88.            Intra module refs:   gizProtocolNTP
           LOCAL                   ADDRESS         
           =====                   =======         
           gizExchangeWord         4720 
               calls direct
    -------------------------------------------------------------------------
<CODE> 1 (was CODE)
  Relative segment, address: 464E - 46B9 (0x6c bytes), align: 1
  Segment part 89.            Intra module refs:   gizDataPoints2ReportData
                                                   gizDecompressionValue
           LOCAL                   ADDRESS         
           =====                   =======         
           gizByteOrderExchange    464E 
               calls direct
    -------------------------------------------------------------------------
<CODE> 1 (was CODE)
  Relative segment, address: 4AE0 - 4B0F (0x30 bytes), align: 1
  Segment part 90.            Intra module refs:   gizDataPoints2ReportData
           LOCAL                   ADDRESS         
           =====                   =======         
           gizY2X                  4AE0 
               calls direct
    -------------------------------------------------------------------------
<CODE> 1 (was CODE)
  Relative segment, address: 4C1E - 4C49 (0x2c bytes), align: 1
  Segment part 91.            Intra module refs:   gizDataPoint2Event
           LOCAL                   ADDRESS         
           =====                   =======         
           gizX2Y                  4C1E 
               calls direct
    -------------------------------------------------------------------------
<CODE> 1 (was CODE)
  Relative segment, address: 48BA - 4903 (0x4a bytes), align: 1
  Segment part 92.            Intra module refs:   gizCompressValue
                                                   gizDecompressionValue
           LOCAL                   ADDRESS         
           =====                   =======         
           gizAcrossByteJudge      48BA 
    -------------------------------------------------------------------------
<CODE> 1 (was CODE)
  Relative segment, address: 4B6E - 4B99 (0x2c bytes), align: 1
  Segment part 93.            Intra module refs:   gizProtocolErrorCmd
                                                   gizProtocolGetDeviceInfo
                                                   gizProtocolIssuedDataAck
                                                   gizReportData
           LOCAL                   ADDRESS         
           =====                   =======         
           gizProtocolHeadInit     4B6E 
               calls direct
    -------------------------------------------------------------------------
<CODE> 1 (was CODE)
  Relative segment, address: 45E0 - 464D (0x6e bytes), align: 1
  Segment part 94.            Intra module refs:   gizReportData
           LOCAL                   ADDRESS         
           =====                   =======         
           gizProtocolWaitAck      45E0 
               calls direct
    -------------------------------------------------------------------------
<CODE> 1 (was CODE)
  Relative segment, address: 35B0 - 36F5 (0x146 bytes), align: 1
  Segment part 95.            Intra module refs:   gizDataPoint2Event
           LOCAL                   ADDRESS         
           =====                   =======         
           gizDecompressionValue   35B0 
               calls direct
    -------------------------------------------------------------------------
<CODE> 1 (was CODE)
  Relative segment, address: 3E46 - 3F23 (0xde bytes), align: 1
  Segment part 96.            Intra module refs:   gizDataPoints2ReportData
           LOCAL                   ADDRESS         
           =====                   =======         
           gizCompressValue        3E46 
               calls direct
    -------------------------------------------------------------------------
<CODE> 1 (was CODE)
  Relative segment, address: 344E - 35AF (0x162 bytes), align: 1
  Segment part 97.            Intra module refs:   gizProtocolIssuedProcess
           LOCAL                   ADDRESS         
           =====                   =======         
           gizDataPoint2Event      344E 
               calls direct
    -------------------------------------------------------------------------
<CODE> 1 (was CODE)
  Relative segment, address: 3FF4 - 40AF (0xbc bytes), align: 1
  Segment part 98.            Intra module refs:   gizDevReportPolicy
           LOCAL                   ADDRESS         
           =====                   =======         
           gizCheckReport          3FF4 
               calls direct
    -------------------------------------------------------------------------
<CODE> 1 (was CODE)
  Relative segment, address: 3F24 - 3FF3 (0xd0 bytes), align: 1
  Segment part 99.            Intra module refs:   gizDevReportPolicy
                                                   gizProtocolIssuedProcess
           LOCAL                   ADDRESS         
           =====                   =======         
           gizDataPoints2ReportData
                                   3F24 
               calls direct
    -------------------------------------------------------------------------
<CODE> 1 (was CODE)
  Relative segment, address: 3B70 - 3C6B (0xfc bytes), align: 1
  Segment part 100.           Intra module refs:   gizwitsHandle
           LOCAL                   ADDRESS         
           =====                   =======         
           gizProtocolIssuedProcess
                                   3B70 
               calls direct
    -------------------------------------------------------------------------
<CODE> 1 (was CODE)
  Relative segment, address: 395C - 3A6F (0x114 bytes), align: 1
  Segment part 101.           Intra module refs:   gizwitsHandle
           LOCAL                   ADDRESS         
           =====                   =======         
           gizProtocolIssuedDataAck
                                   395C 
               calls direct
    -------------------------------------------------------------------------
<CODE> 1 (was CODE)
  Relative segment, address: 3C6C - 3D59 (0xee bytes), align: 1
  Segment part 102.           Intra module refs:   gizDevReportPolicy
           LOCAL                   ADDRESS         
           =====                   =======         
           gizReportData           3C6C 
               calls direct
    -------------------------------------------------------------------------
<CODE> 1 (was CODE)
  Relative segment, address: 435A - 43EB (0x92 bytes), align: 1
  Segment part 103.           Intra module refs:   gizwitsHandle
           LOCAL                   ADDRESS         
           =====                   =======         
           gizDevReportPolicy      435A 
               calls direct
    -------------------------------------------------------------------------
<CODE> 1 (was CODE)
  Relative segment, address: 317A - 32E9 (0x170 bytes), align: 1
  Segment part 104.           Intra module refs:   gizwitsHandle
           LOCAL                   ADDRESS         
           =====                   =======         
           gizProtocolGetOnePacket
                                   317A 
               calls direct
    -------------------------------------------------------------------------
DATA16_Z
  Relative segment, address: 0383 - 0383 (0x1 bytes), align: 0
  Segment part 74.            Intra module refs:   gizProtocolGetOnePacket
           LOCAL                   ADDRESS         
           =====                   =======         
           gizProtocolGetOnePacket::protocolFlag
                                   0383 
    -------------------------------------------------------------------------
DATA16_Z
  Relative segment, address: 0204 - 0205 (0x2 bytes), align: 1
  Segment part 75.            Intra module refs:   gizProtocolGetOnePacket
           LOCAL                   ADDRESS         
           =====                   =======         
           gizProtocolGetOnePacket::protocolCount
                                   0204 
    -------------------------------------------------------------------------
DATA16_Z
  Relative segment, address: 0384 - 0384 (0x1 bytes), align: 0
  Segment part 76.            Intra module refs:   gizProtocolGetOnePacket
           LOCAL                   ADDRESS         
           =====                   =======         
           gizProtocolGetOnePacket::lastData
                                   0384 
    -------------------------------------------------------------------------
DATA16_Z
  Relative segment, address: 0385 - 0385 (0x1 bytes), align: 0
  Segment part 77.            Intra module refs:   gizProtocolGetOnePacket
           LOCAL                   ADDRESS         
           =====                   =======         
           gizProtocolGetOnePacket::debugCount
                                   0385 
    -------------------------------------------------------------------------
<CODE> 1 (was CODE)
  Relative segment, address: 44F0 - 4567 (0x78 bytes), align: 1
  Segment part 105.           Intra module refs:   gizProtocolAckHandle
           LOCAL                   ADDRESS         
           =====                   =======         
           gizProtocolResendData   44F0 
               calls direct
    -------------------------------------------------------------------------
<CODE> 1 (was CODE)
  Relative segment, address: 4A04 - 4A3B (0x38 bytes), align: 1
  Segment part 106.           Intra module refs:   gizwitsHandle
           LOCAL                   ADDRESS         
           =====                   =======         
           gizProtocolWaitAckCheck
                                   4A04 
               calls direct
    -------------------------------------------------------------------------
<CODE> 1 (was CODE)
  Relative segment, address: 4568 - 45DF (0x78 bytes), align: 1
  Segment part 107.           Intra module refs:   gizwitsHandle
           LOCAL                   ADDRESS         
           =====                   =======         
           gizProtocolCommonAck    4568 
               calls direct
    -------------------------------------------------------------------------
<CODE> 1 (was CODE)
  Relative segment, address: 4160 - 420D (0xae bytes), align: 1
  Segment part 108.           Intra module refs:   gizwitsHandle
           LOCAL                   ADDRESS         
           =====                   =======         
           gizProtocolAckHandle    4160 
               calls direct
    -------------------------------------------------------------------------
<CODE> 1 (was CODE)
  Relative segment, address: 3A70 - 3B6F (0x100 bytes), align: 1
  Segment part 109.           Intra module refs:   gizwitsHandle
           LOCAL                   ADDRESS         
           =====                   =======         
           gizProtocolGetDeviceInfo
                                   3A70 
               calls direct
    -------------------------------------------------------------------------
<CODE> 1 (was CODE)
  Relative segment, address: 43EC - 4471 (0x86 bytes), align: 1
  Segment part 110.           Intra module refs:   gizwitsHandle
           LOCAL                   ADDRESS         
           =====                   =======         
           gizProtocolErrorCmd     43EC 
               calls direct
    -------------------------------------------------------------------------
<CODE> 1 (was CODE)
  Relative segment, address: 420E - 42B7 (0xaa bytes), align: 1
  Segment part 111.           Intra module refs:   gizwitsHandle
           LOCAL                   ADDRESS         
           =====                   =======         
           gizProtocolNTP          420E 
               calls direct
    -------------------------------------------------------------------------
<CODE> 1 (was CODE)
  Relative segment, address: 4C4A - 4C73 (0x2a bytes), align: 1
  Segment part 112.           Intra module refs:   gizwitsHandle
           LOCAL                   ADDRESS         
           =====                   =======         
           gizProtocolReboot       4C4A 
               calls direct
    -------------------------------------------------------------------------
<CODE> 1 (was CODE)
  Relative segment, address: 25EC - 29B7 (0x3cc bytes), align: 1
  Segment part 113.           Intra module refs:   gizwitsHandle
           LOCAL                   ADDRESS         
           =====                   =======         
           gizProtocolModuleStatus
                                   25EC 
               calls direct
    -------------------------------------------------------------------------
DATA16_Z
  Relative segment, address: 0386 - 0387 (0x2 bytes), align: 0
  Segment part 78.            Intra module refs:   gizProtocolModuleStatus
           LOCAL                   ADDRESS         
           =====                   =======         
           gizProtocolModuleStatus::lastStatus
                                   0386 
    -------------------------------------------------------------------------
<CODE> 1 (was CODE)
  Relative segment, address: 49CA - 4A03 (0x3a bytes), align: 1
  Segment part 114.
           ENTRY                   ADDRESS         REF BY
           =====                   =======         ======
           gizwitsInit             49CA            main (main)
               calls direct
    -------------------------------------------------------------------------
<CODE> 1 (was CODE)
  Relative segment, address: 29B8 - 2C11 (0x25a bytes), align: 1
  Segment part 117.
           ENTRY                   ADDRESS         REF BY
           =====                   =======         ======
           gizwitsHandle           29B8            main (main)
               calls direct
    -------------------------------------------------------------------------
DATA16_C
  Relative segment, address: 11B9 - 11D1 (0x19 bytes), align: 0
  Segment part 2.             Intra module refs:   rbCanRead
                                                   rbCanWrite
                                                   rbCapacity
                                                   rbCreate
                                                   rbRead
    -------------------------------------------------------------------------
DATA16_C
  Relative segment, address: 11D2 - 11EC (0x1b bytes), align: 0
  Segment part 3.             Intra module refs:   rbRead
    -------------------------------------------------------------------------
DATA16_C
  Relative segment, address: 11ED - 1201 (0x15 bytes), align: 0
  Segment part 4.             Intra module refs:   rbWrite
    -------------------------------------------------------------------------
DATA16_C
  Relative segment, address: 1202 - 1218 (0x17 bytes), align: 0
  Segment part 5.             Intra module refs:   gizProtocolWaitAck
                                                   gizProtocolWaitAckCheck
                                                   rbWrite
    -------------------------------------------------------------------------
DATA16_C
  Relative segment, address: 1219 - 122E (0x16 bytes), align: 0
  Segment part 6.             Intra module refs:   rbWrite
    -------------------------------------------------------------------------
DATA16_C
  Relative segment, address: 122F - 124F (0x21 bytes), align: 0
  Segment part 7.             Intra module refs:   gizPutData
    -------------------------------------------------------------------------
DATA16_C
  Relative segment, address: 1250 - 126A (0x1b bytes), align: 0
  Segment part 8.             Intra module refs:   gizPutData
    -------------------------------------------------------------------------
DATA16_C
  Relative segment, address: 126B - 12A1 (0x37 bytes), align: 0
  Segment part 9.             Intra module refs:   gizProtocolSum
    -------------------------------------------------------------------------
DATA16_C
  Relative segment, address: 12A2 - 12CD (0x2c bytes), align: 0
  Segment part 10.            Intra module refs:   gizByteOrderExchange
    -------------------------------------------------------------------------
DATA16_C
  Relative segment, address: 12CE - 12F8 (0x2b bytes), align: 0
  Segment part 11.            Intra module refs:   gizProtocolHeadInit
    -------------------------------------------------------------------------
DATA16_C
  Relative segment, address: 12F9 - 1325 (0x2d bytes), align: 0
  Segment part 12.            Intra module refs:   gizDecompressionValue
    -------------------------------------------------------------------------
DATA16_C
  Relative segment, address: 1326 - 1358 (0x33 bytes), align: 0
  Segment part 13.            Intra module refs:   gizDecompressionValue
    -------------------------------------------------------------------------
DATA16_C
  Relative segment, address: 1359 - 1380 (0x28 bytes), align: 0
  Segment part 14.            Intra module refs:   gizCompressValue
    -------------------------------------------------------------------------
DATA16_C
  Relative segment, address: 1381 - 13AA (0x2a bytes), align: 0
  Segment part 15.            Intra module refs:   gizDataPoint2Event
    -------------------------------------------------------------------------
DATA16_C
  Relative segment, address: 13AB - 13D0 (0x26 bytes), align: 0
  Segment part 16.            Intra module refs:   gizCheckReport
    -------------------------------------------------------------------------
DATA16_C
  Relative segment, address: 13D1 - 13E3 (0x13 bytes), align: 0
  Segment part 17.            Intra module refs:   gizCheckReport
    -------------------------------------------------------------------------
DATA16_C
  Relative segment, address: 13E4 - 13F6 (0x13 bytes), align: 0
  Segment part 18.            Intra module refs:   gizCheckReport
    -------------------------------------------------------------------------
DATA16_C
  Relative segment, address: 13F7 - 1409 (0x13 bytes), align: 0
  Segment part 19.            Intra module refs:   gizCheckReport
    -------------------------------------------------------------------------
DATA16_C
  Relative segment, address: 140A - 1420 (0x17 bytes), align: 0
  Segment part 20.            Intra module refs:   gizCheckReport
    -------------------------------------------------------------------------
DATA16_C
  Relative segment, address: 1421 - 1450 (0x30 bytes), align: 0
  Segment part 21.            Intra module refs:   gizDataPoints2ReportData
    -------------------------------------------------------------------------
DATA16_C
  Relative segment, address: 1451 - 1480 (0x30 bytes), align: 0
  Segment part 22.            Intra module refs:   gizProtocolIssuedProcess
    -------------------------------------------------------------------------
DATA16_C
  Relative segment, address: 1481 - 14B0 (0x30 bytes), align: 0
  Segment part 23.            Intra module refs:   gizProtocolIssuedDataAck
    -------------------------------------------------------------------------
DATA16_C
  Relative segment, address: 14B1 - 14F1 (0x41 bytes), align: 0
  Segment part 24.            Intra module refs:   gizProtocolIssuedDataAck
    -------------------------------------------------------------------------
DATA16_C
  Relative segment, address: 14F2 - 1516 (0x25 bytes), align: 0
  Segment part 25.            Intra module refs:   gizReportData
    -------------------------------------------------------------------------
DATA16_C
  Relative segment, address: 1517 - 1533 (0x1d bytes), align: 0
  Segment part 26.            Intra module refs:   gizProtocolCommonAck
                                                   gizProtocolErrorCmd
                                                   gizProtocolGetDeviceInfo
                                                   gizReportData
    -------------------------------------------------------------------------
DATA16_C
  Relative segment, address: 1534 - 1549 (0x16 bytes), align: 0
  Segment part 27.            Intra module refs:   gizDevReportPolicy
    -------------------------------------------------------------------------
DATA16_C
  Relative segment, address: 154A - 1561 (0x18 bytes), align: 0
  Segment part 28.            Intra module refs:   gizDevReportPolicy
    -------------------------------------------------------------------------
DATA16_C
  Relative segment, address: 1562 - 1590 (0x2f bytes), align: 0
  Segment part 29.            Intra module refs:   gizProtocolGetOnePacket
    -------------------------------------------------------------------------
DATA16_C
  Relative segment, address: 1591 - 15B0 (0x20 bytes), align: 0
  Segment part 30.            Intra module refs:   gizProtocolResendData
    -------------------------------------------------------------------------
DATA16_C
  Relative segment, address: 15B1 - 15CA (0x1a bytes), align: 0
  Segment part 31.            Intra module refs:   gizProtocolResendData
    -------------------------------------------------------------------------
DATA16_C
  Relative segment, address: 15CB - 15F6 (0x2c bytes), align: 0
  Segment part 32.            Intra module refs:   gizProtocolCommonAck
    -------------------------------------------------------------------------
DATA16_C
  Relative segment, address: 15F7 - 161E (0x28 bytes), align: 0
  Segment part 33.            Intra module refs:   gizProtocolAckHandle
    -------------------------------------------------------------------------
DATA16_C
  Relative segment, address: 161F - 164E (0x30 bytes), align: 0
  Segment part 34.            Intra module refs:   gizProtocolGetDeviceInfo
    -------------------------------------------------------------------------
DATA16_C
  Relative segment, address: 164F - 1657 (0x9 bytes), align: 0
  Segment part 35.            Intra module refs:   gizProtocolGetDeviceInfo
    -------------------------------------------------------------------------
DATA16_C
  Relative segment, address: 1658 - 1660 (0x9 bytes), align: 0
  Segment part 36.            Intra module refs:   gizProtocolGetDeviceInfo
    -------------------------------------------------------------------------
DATA16_C
  Relative segment, address: 1661 - 1669 (0x9 bytes), align: 0
  Segment part 37.            Intra module refs:   gizProtocolGetDeviceInfo
    -------------------------------------------------------------------------
DATA16_C
  Relative segment, address: 166A - 1672 (0x9 bytes), align: 0
  Segment part 38.            Intra module refs:   gizProtocolGetDeviceInfo
    -------------------------------------------------------------------------
DATA16_C
  Relative segment, address: 1673 - 1693 (0x21 bytes), align: 0
  Segment part 39.            Intra module refs:   gizProtocolGetDeviceInfo
    -------------------------------------------------------------------------
DATA16_C
  Relative segment, address: 1694 - 16B4 (0x21 bytes), align: 0
  Segment part 40.            Intra module refs:   gizProtocolGetDeviceInfo
    -------------------------------------------------------------------------
DATA16_C
  Relative segment, address: 16B5 - 16DF (0x2b bytes), align: 0
  Segment part 41.            Intra module refs:   gizProtocolErrorCmd
    -------------------------------------------------------------------------
DATA16_C
  Relative segment, address: 16E0 - 16F5 (0x16 bytes), align: 0
  Segment part 42.            Intra module refs:   gizProtocolNTP
    -------------------------------------------------------------------------
DATA16_C
  Relative segment, address: 16F6 - 1724 (0x2f bytes), align: 0
  Segment part 43.            Intra module refs:   gizProtocolModuleStatus
    -------------------------------------------------------------------------
DATA16_C
  Relative segment, address: 1725 - 1744 (0x20 bytes), align: 0
  Segment part 44.            Intra module refs:   gizProtocolModuleStatus
    -------------------------------------------------------------------------
DATA16_C
  Relative segment, address: 1745 - 175E (0x1a bytes), align: 0
  Segment part 45.            Intra module refs:   gizProtocolModuleStatus
    -------------------------------------------------------------------------
DATA16_C
  Relative segment, address: 175F - 1778 (0x1a bytes), align: 0
  Segment part 46.            Intra module refs:   gizProtocolModuleStatus
    -------------------------------------------------------------------------
DATA16_C
  Relative segment, address: 1779 - 1796 (0x1e bytes), align: 0
  Segment part 47.            Intra module refs:   gizProtocolModuleStatus
    -------------------------------------------------------------------------
DATA16_C
  Relative segment, address: 1797 - 17B5 (0x1f bytes), align: 0
  Segment part 48.            Intra module refs:   gizProtocolModuleStatus
    -------------------------------------------------------------------------
DATA16_C
  Relative segment, address: 17B6 - 17D4 (0x1f bytes), align: 0
  Segment part 49.            Intra module refs:   gizProtocolModuleStatus
    -------------------------------------------------------------------------
DATA16_C
  Relative segment, address: 17D5 - 17F6 (0x22 bytes), align: 0
  Segment part 50.            Intra module refs:   gizProtocolModuleStatus
    -------------------------------------------------------------------------
DATA16_C
  Relative segment, address: 17F7 - 1812 (0x1c bytes), align: 0
  Segment part 51.            Intra module refs:   gizProtocolModuleStatus
    -------------------------------------------------------------------------
DATA16_C
  Relative segment, address: 1813 - 1831 (0x1f bytes), align: 0
  Segment part 52.            Intra module refs:   gizProtocolModuleStatus
    -------------------------------------------------------------------------
DATA16_C
  Relative segment, address: 1832 - 184B (0x1a bytes), align: 0
  Segment part 53.            Intra module refs:   gizProtocolModuleStatus
    -------------------------------------------------------------------------
DATA16_C
  Relative segment, address: 184C - 1868 (0x1d bytes), align: 0
  Segment part 54.            Intra module refs:   gizProtocolModuleStatus
    -------------------------------------------------------------------------
DATA16_C
  Relative segment, address: 1869 - 1883 (0x1b bytes), align: 0
  Segment part 55.            Intra module refs:   gizProtocolModuleStatus
    -------------------------------------------------------------------------
DATA16_C
  Relative segment, address: 1884 - 189F (0x1c bytes), align: 0
  Segment part 56.            Intra module refs:   gizProtocolModuleStatus
    -------------------------------------------------------------------------
DATA16_C
  Relative segment, address: 18A0 - 18AC (0xd bytes), align: 0
  Segment part 57.            Intra module refs:   gizProtocolModuleStatus
    -------------------------------------------------------------------------
DATA16_C
  Relative segment, address: 18AD - 18D1 (0x25 bytes), align: 0
  Segment part 60.            Intra module refs:   gizwitsHandle
    -------------------------------------------------------------------------
DATA16_C
  Relative segment, address: 18D2 - 18E2 (0x11 bytes), align: 0
  Segment part 61.            Intra module refs:   gizwitsHandle
    -------------------------------------------------------------------------
DATA16_C
  Relative segment, address: 18E3 - 18F6 (0x14 bytes), align: 0
  Segment part 62.            Intra module refs:   gizwitsHandle
    -------------------------------------------------------------------------
DATA16_C
  Relative segment, address: 18F7 - 18FC (0x6 bytes), align: 0
  Segment part 63.            Intra module refs:   gizwitsHandle
    -------------------------------------------------------------------------
DATA16_C
  Relative segment, address: 18FD - 18FE (0x2 bytes), align: 0
  Segment part 64.            Intra module refs:   gizwitsHandle
    -------------------------------------------------------------------------
DATA16_C
  Relative segment, address: 18FF - 1912 (0x14 bytes), align: 0
  Segment part 65.            Intra module refs:   gizwitsHandle
    -------------------------------------------------------------------------
DATA16_C
  Relative segment, address: 1913 - 1930 (0x1e bytes), align: 0
  Segment part 66.            Intra module refs:   gizwitsHandle
    -------------------------------------------------------------------------
DATA16_C
  Relative segment, address: 1931 - 1946 (0x16 bytes), align: 0
  Segment part 67.            Intra module refs:   gizwitsHandle
    -------------------------------------------------------------------------
DATA16_C
  Relative segment, address: 1947 - 195E (0x18 bytes), align: 0
  Segment part 68.            Intra module refs:   gizwitsHandle
    -------------------------------------------------------------------------
DATA16_C
  Relative segment, address: 195F - 1977 (0x19 bytes), align: 0
  Segment part 69.            Intra module refs:   gizwitsHandle

    *************************************************************************

  FILE NAME : D:\FAE\MCU\MSP430\TEST\test4\Debug\Obj\main.r43
  PROGRAM MODULE, NAME : main

  SEGMENTS IN THE MODULE
  ======================
DATA16_AN
  Relative segment, address: 0120 - 0121 (0x2 bytes), align: 0
  Segment part 1. ROOT        Intra module refs:   userInit
           ENTRY                   ADDRESS         REF BY
           =====                   =======         ======
           WDTCTL                  0120 
    -------------------------------------------------------------------------
DATA16_AN
  Relative segment, address: 0022 - 0022 (0x1 bytes), align: 0
  Segment part 2. ROOT        Intra module refs:   userInit
           ENTRY                   ADDRESS         REF BY
           =====                   =======         ======
           P1DIR                   0022 
    -------------------------------------------------------------------------
DATA16_AN
  Relative segment, address: 0026 - 0026 (0x1 bytes), align: 0
  Segment part 3. ROOT        Intra module refs:   userInit
           ENTRY                   ADDRESS         REF BY
           =====                   =======         ======
           P1SEL                   0026 
    -------------------------------------------------------------------------
DATA16_Z
  Relative segment, address: 0388 - 038E (0x7 bytes), align: 0
  Segment part 6.             Intra module refs:   main
                                                   userInit
           ENTRY                   ADDRESS         REF BY
           =====                   =======         ======
           currentDataPoint        0388            gizwitsEventProcess (gizwits_product)
    -------------------------------------------------------------------------
<CODE> 1 (was CODE)
  Relative segment, address: 4CC8 - 4CF1 (0x2a bytes), align: 1
  Segment part 7.             Intra module refs:   main
           ENTRY                   ADDRESS         REF BY
           =====                   =======         ======
           userInit                4CC8 
               calls direct
    -------------------------------------------------------------------------
<CODE> 1 (was CODE)
  Relative segment, address: 4FC2 - 4FC3 (0x2 bytes), align: 1
  Segment part 8.             Intra module refs:   main
           ENTRY                   ADDRESS         REF BY
           =====                   =======         ======
           userHandle              4FC2 
    -------------------------------------------------------------------------
<CODE> 1 (was CODE)
  Relative segment, address: 4B9A - 4BC5 (0x2c bytes), align: 1
  Segment part 9.
           ENTRY                   ADDRESS         REF BY
           =====                   =======         ======
           main                    4B9A            Segment part 18 (?cstart)
               calls direct
    -------------------------------------------------------------------------
DATA16_C
  Relative segment, address: 1978 - 1982 (0xb bytes), align: 0
  Segment part 5.             Intra module refs:   main

    *************************************************************************

  FILE NAME : D:\FAE\MCU\MSP430\TEST\test4\Debug\Obj\uart.r43
  PROGRAM MODULE, NAME : uart

  SEGMENTS IN THE MODULE
  ======================
DATA16_AN
  Relative segment, address: 0000 - 0000 (0x1 bytes), align: 0
  Segment part 1. ROOT        Intra module refs:   uart_init
           ENTRY                   ADDRESS         REF BY
           =====                   =======         ======
           IE1                     0000 
    -------------------------------------------------------------------------
DATA16_AN
  Relative segment, address: 0002 - 0002 (0x1 bytes), align: 0
  Segment part 2. ROOT        Intra module refs:   int_clk
                                                   uart0_byte
           ENTRY                   ADDRESS         REF BY
           =====                   =======         ======
           IFG1                    0002 
    -------------------------------------------------------------------------
DATA16_AN
  Relative segment, address: 0004 - 0004 (0x1 bytes), align: 0
  Segment part 3. ROOT        Intra module refs:   uart_init
           ENTRY                   ADDRESS         REF BY
           =====                   =======         ======
           ME1                     0004 
    -------------------------------------------------------------------------
DATA16_AN
  Relative segment, address: 0001 - 0001 (0x1 bytes), align: 0
  Segment part 4. ROOT        Intra module refs:   uart_init
           ENTRY                   ADDRESS         REF BY
           =====                   =======         ======
           IE2                     0001 
    -------------------------------------------------------------------------
DATA16_AN
  Relative segment, address: 0003 - 0003 (0x1 bytes), align: 0
  Segment part 5. ROOT        Intra module refs:   uart1_byte
           ENTRY                   ADDRESS         REF BY
           =====                   =======         ======
           IFG2                    0003 
    -------------------------------------------------------------------------
DATA16_AN
  Relative segment, address: 0005 - 0005 (0x1 bytes), align: 0
  Segment part 6. ROOT        Intra module refs:   uart_init
           ENTRY                   ADDRESS         REF BY
           =====                   =======         ======
           ME2                     0005 
    -------------------------------------------------------------------------
DATA16_AN
  Relative segment, address: 002A - 002A (0x1 bytes), align: 0
  Segment part 7. ROOT        Intra module refs:   TimerAInit
           ENTRY                   ADDRESS         REF BY
           =====                   =======         ======
           P2DIR                   002A 
    -------------------------------------------------------------------------
DATA16_AN
  Relative segment, address: 002B - 002B (0x1 bytes), align: 0
  Segment part 8. ROOT        Intra module refs:   TimerAInit
           ENTRY                   ADDRESS         REF BY
           =====                   =======         ======
           P2IFG                   002B 
    -------------------------------------------------------------------------
DATA16_AN
  Relative segment, address: 002C - 002C (0x1 bytes), align: 0
  Segment part 9. ROOT        Intra module refs:   TimerAInit
           ENTRY                   ADDRESS         REF BY
           =====                   =======         ======
           P2IES                   002C 
    -------------------------------------------------------------------------
DATA16_AN
  Relative segment, address: 002D - 002D (0x1 bytes), align: 0
  Segment part 10. ROOT       Intra module refs:   TimerAInit
           ENTRY                   ADDRESS         REF BY
           =====                   =======         ======
           P2IE                    002D 
    -------------------------------------------------------------------------
DATA16_AN
  Relative segment, address: 001B - 001B (0x1 bytes), align: 0
  Segment part 11. ROOT       Intra module refs:   uart_init
           ENTRY                   ADDRESS         REF BY
           =====                   =======         ======
           P3SEL                   001B 
    -------------------------------------------------------------------------
DATA16_AN
  Relative segment, address: 0070 - 0070 (0x1 bytes), align: 0
  Segment part 12. ROOT       Intra module refs:   uart_init
           ENTRY                   ADDRESS         REF BY
           =====                   =======         ======
           U0CTL                   0070 
    -------------------------------------------------------------------------
DATA16_AN
  Relative segment, address: 0071 - 0071 (0x1 bytes), align: 0
  Segment part 13. ROOT       Intra module refs:   uart_init
           ENTRY                   ADDRESS         REF BY
           =====                   =======         ======
           U0TCTL                  0071 
    -------------------------------------------------------------------------
DATA16_AN
  Relative segment, address: 0073 - 0073 (0x1 bytes), align: 0
  Segment part 14. ROOT       Intra module refs:   uart_init
           ENTRY                   ADDRESS         REF BY
           =====                   =======         ======
           U0MCTL                  0073 
    -------------------------------------------------------------------------
DATA16_AN
  Relative segment, address: 0074 - 0074 (0x1 bytes), align: 0
  Segment part 15. ROOT       Intra module refs:   uart_init
           ENTRY                   ADDRESS         REF BY
           =====                   =======         ======
           U0BR0                   0074 
    -------------------------------------------------------------------------
DATA16_AN
  Relative segment, address: 0075 - 0075 (0x1 bytes), align: 0
  Segment part 16. ROOT       Intra module refs:   uart_init
           ENTRY                   ADDRESS         REF BY
           =====                   =======         ======
           U0BR1                   0075 
    -------------------------------------------------------------------------
DATA16_AN
  Relative segment, address: 0076 - 0076 (0x1 bytes), align: 0
  Segment part 17. ROOT       Intra module refs:   UART0_RXISR
           ENTRY                   ADDRESS         REF BY
           =====                   =======         ======
           U0RXBUF                 0076 
    -------------------------------------------------------------------------
DATA16_AN
  Relative segment, address: 0077 - 0077 (0x1 bytes), align: 0
  Segment part 18. ROOT       Intra module refs:   uart0_byte
           ENTRY                   ADDRESS         REF BY
           =====                   =======         ======
           U0TXBUF                 0077 
    -------------------------------------------------------------------------
DATA16_AN
  Relative segment, address: 0078 - 0078 (0x1 bytes), align: 0
  Segment part 19. ROOT       Intra module refs:   uart_init
           ENTRY                   ADDRESS         REF BY
           =====                   =======         ======
           U1CTL                   0078 
    -------------------------------------------------------------------------
DATA16_AN
  Relative segment, address: 0079 - 0079 (0x1 bytes), align: 0
  Segment part 20. ROOT       Intra module refs:   uart_init
           ENTRY                   ADDRESS         REF BY
           =====                   =======         ======
           U1TCTL                  0079 
    -------------------------------------------------------------------------
DATA16_AN
  Relative segment, address: 007B - 007B (0x1 bytes), align: 0
  Segment part 21. ROOT       Intra module refs:   uart_init
           ENTRY                   ADDRESS         REF BY
           =====                   =======         ======
           U1MCTL                  007B 
    -------------------------------------------------------------------------
DATA16_AN
  Relative segment, address: 007C - 007C (0x1 bytes), align: 0
  Segment part 22. ROOT       Intra module refs:   uart_init
           ENTRY                   ADDRESS         REF BY
           =====                   =======         ======
           U1BR0                   007C 
    -------------------------------------------------------------------------
DATA16_AN
  Relative segment, address: 007D - 007D (0x1 bytes), align: 0
  Segment part 23. ROOT       Intra module refs:   uart_init
           ENTRY                   ADDRESS         REF BY
           =====                   =======         ======
           U1BR1                   007D 
    -------------------------------------------------------------------------
DATA16_AN
  Relative segment, address: 007F - 007F (0x1 bytes), align: 0
  Segment part 24. ROOT       Intra module refs:   uart1_byte
           ENTRY                   ADDRESS         REF BY
           =====                   =======         ======
           U1TXBUF                 007F 
    -------------------------------------------------------------------------
DATA16_AN
  Relative segment, address: 0160 - 0161 (0x2 bytes), align: 0
  Segment part 25. ROOT       Intra module refs:   TimerAInit
           ENTRY                   ADDRESS         REF BY
           =====                   =======         ======
           TACTL                   0160 
    -------------------------------------------------------------------------
DATA16_AN
  Relative segment, address: 0162 - 0163 (0x2 bytes), align: 0
  Segment part 26. ROOT       Intra module refs:   TimerAInit
           ENTRY                   ADDRESS         REF BY
           =====                   =======         ======
           TACCTL0                 0162 
    -------------------------------------------------------------------------
DATA16_AN
  Relative segment, address: 0172 - 0173 (0x2 bytes), align: 0
  Segment part 27. ROOT       Intra module refs:   TimerAInit
           ENTRY                   ADDRESS         REF BY
           =====                   =======         ======
           TACCR0                  0172 
    -------------------------------------------------------------------------
DATA16_AN
  Relative segment, address: 0057 - 0057 (0x1 bytes), align: 0
  Segment part 28. ROOT       Intra module refs:   int_clk
           ENTRY                   ADDRESS         REF BY
           =====                   =======         ======
           BCSCTL1                 0057 
    -------------------------------------------------------------------------
DATA16_AN
  Relative segment, address: 0058 - 0058 (0x1 bytes), align: 0
  Segment part 29. ROOT       Intra module refs:   int_clk
           ENTRY                   ADDRESS         REF BY
           =====                   =======         ======
           BCSCTL2                 0058 
    -------------------------------------------------------------------------
<CODE> 1 (was CODE)
  Relative segment, address: 46BA - 471F (0x66 bytes), align: 1
  Segment part 34.
           ENTRY                   ADDRESS         REF BY
           =====                   =======         ======
           uart_init               46BA            userInit (main)
    -------------------------------------------------------------------------
<CODE> 1 (was CODE)
  Relative segment, address: 4C9E - 4CC7 (0x2a bytes), align: 1
  Segment part 35.
           ENTRY                   ADDRESS         REF BY
           =====                   =======         ======
           int_clk                 4C9E            userInit (main)
    -------------------------------------------------------------------------
<CODE> 1 (was CODE)
  Relative segment, address: 4CF2 - 4D17 (0x26 bytes), align: 1
  Segment part 36.            Intra module refs:   UART0_RXISR::??INTVEC 18
           ENTRY                   ADDRESS         REF BY
           =====                   =======         ======
           UART0_RXISR             4CF2 
               interrupt function
               calls direct
    -------------------------------------------------------------------------
<CODE> 1 (was CODE)
  Relative segment, address: 4FBE - 4FBF (0x2 bytes), align: 1
  Segment part 37.            Intra module refs:   UART1_RXISR::??INTVEC 6
           ENTRY                   ADDRESS         REF BY
           =====                   =======         ======
           UART1_RXISR             4FBE 
               interrupt function
    -------------------------------------------------------------------------
<CODE> 1 (was CODE)
  Relative segment, address: 4EA8 - 4EBB (0x14 bytes), align: 1
  Segment part 38.            Intra module refs:   putchar
           ENTRY                   ADDRESS         REF BY
           =====                   =======         ======
           uart1_byte              4EA8 
    -------------------------------------------------------------------------
<CODE> 1 (was CODE)
  Relative segment, address: 4ECE - 4EDF (0x12 bytes), align: 1
  Segment part 39.
           ENTRY                   ADDRESS         REF BY
           =====                   =======         ======
           uart0_byte              4ECE            uartWrite (gizwits_product)
    -------------------------------------------------------------------------
<CODE> 1 (was CODE)
  Relative segment, address: 4D62 - 4D81 (0x20 bytes), align: 1
  Segment part 40.
           ENTRY                   ADDRESS         REF BY
           =====                   =======         ======
           putchar                 4D62            _Prout (?xprout)
               calls direct
    -------------------------------------------------------------------------
<CODE> 1 (was CODE)
  Relative segment, address: 4BC6 - 4BF1 (0x2c bytes), align: 1
  Segment part 41.
           ENTRY                   ADDRESS         REF BY
           =====                   =======         ======
           TimerAInit              4BC6            userInit (main)
    -------------------------------------------------------------------------
<CODE> 1 (was CODE)
  Relative segment, address: 4E54 - 4E69 (0x16 bytes), align: 1
  Segment part 42.            Intra module refs:   Timer_A::??INTVEC 12
           ENTRY                   ADDRESS         REF BY
           =====                   =======         ======
           Timer_A                 4E54 
               interrupt function
               calls direct
    -------------------------------------------------------------------------
INTVEC
  Common segment, address: FFE0 - FFE7 (0x8 bytes), align: 1
  Segment part 30. ROOT 
           ENTRY                   ADDRESS         REF BY
           =====                   =======         ======
           UART1_RXISR::??INTVEC 6
                                   FFE6 
    -------------------------------------------------------------------------
INTVEC
  Common segment, address: FFE0 - FFED (0xe bytes), align: 1
  Segment part 31. ROOT 
           ENTRY                   ADDRESS         REF BY
           =====                   =======         ======
           Timer_A::??INTVEC 12    FFEC 
    -------------------------------------------------------------------------
INTVEC
  Common segment, address: FFE0 - FFF3 (0x14 bytes), align: 1
  Segment part 32. ROOT 
           ENTRY                   ADDRESS         REF BY
           =====                   =======         ======
           UART0_RXISR::??INTVEC 18
                                   FFF2 

    *************************************************************************

  FILE NAME : E:\IAR\430\lib\dlib\dl430fn.r43
  LIBRARY MODULE, NAME : ?_exit

  SEGMENTS IN THE MODULE
  ======================
<CODE> 1 (was CODE)
  Relative segment, address: 4FB2, align: 1
  Segment part 0.
           ENTRY                   ADDRESS         REF BY
           =====                   =======         ======
           _exit                   4FB2            exit (?exit)
    -------------------------------------------------------------------------
<CODE> 1 (was CODE)
  Relative segment, address: 4FB2 - 4FB5 (0x4 bytes), align: 1
  Segment part 6.             Intra module refs:   _exit

    -------------------------------------------------------------------------
  LIBRARY MODULE, NAME : ?cstart

  SEGMENTS IN THE MODULE
  ======================
CSTACK
  Relative segment, address: 09B0, align: 1
  Segment part 1.
    -------------------------------------------------------------------------
DATA16_Z
  Relative segment, address: 0206, align: 1
  Segment part 2.
    -------------------------------------------------------------------------
CSTART
  Relative segment, address: 199C - 199F (0x4 bytes), align: 1
  Segment part 9.
           ENTRY                   ADDRESS         REF BY
           =====                   =======         ======
           __program_start         199C            ?reset_vector (?reset_vector)
                                                   Absolute parts (?ABS_ENTRY_MOD)
           ?cstart_begin           199C 
    -------------------------------------------------------------------------
CSTART
  Relative segment, address: 19A0 - 19AB (0xc bytes), align: 1
  Segment part 13.
           ENTRY                   ADDRESS         REF BY
           =====                   =======         ======
           ?cstart_init_zero       19A0            currentDataPoint (main)
                                                   gizProtocolGetOnePacket::debugCount (gizwits_protocol)
                                                   gizProtocolGetOnePacket::lastData (gizwits_protocol)
                                                   gizProtocolGetOnePacket::protocolCount (gizwits_protocol)
                                                   gizProtocolGetOnePacket::protocolFlag (gizwits_protocol)
                                                   gizProtocolModuleStatus::lastStatus (gizwits_protocol)
                                                   gizwitsProtocol (gizwits_protocol)
                                                   pRb (gizwits_protocol)
                                                   rbBuf (gizwits_protocol)
                                                   timerMsCount (gizwits_product)
    -------------------------------------------------------------------------
CSTART
  Relative segment, address: 19AC - 19B3 (0x8 bytes), align: 1
  Segment part 18.            Intra module refs:   Segment part 9
           ENTRY                   ADDRESS         REF BY
           =====                   =======         ======
           ?cstart_call_main       19AC 
           ?cstart_end             19B4 

    -------------------------------------------------------------------------
  LIBRARY MODULE, NAME : ?reset_vector

  SEGMENTS IN THE MODULE
  ======================
RESET
  Relative segment, address: FFFE - FFFF (0x2 bytes), align: 1
  Segment part 0.
           ENTRY                   ADDRESS         REF BY
           =====                   =======         ======
           ?reset_vector           FFFE            Segment part 9 (?cstart)

    -------------------------------------------------------------------------
  LIBRARY MODULE, NAME : ?div64i

  SEGMENTS IN THE MODULE
  ======================
<CODE> 1 (was CODE)
  Relative segment, address: 40B0 - 415F (0xb0 bytes), align: 1
  Segment part 2.
           ENTRY                   ADDRESS         REF BY
           =====                   =======         ======
           _Div64u                 40B0            _LitobLarge (?xprintflarge)
    -------------------------------------------------------------------------
<CODE> 1 (was CODE)
  Relative segment, address: 4DF0 - 4E09 (0x1a bytes), align: 1
  Segment part 4.             Intra module refs:   _Div64u

    -------------------------------------------------------------------------
  LIBRARY MODULE, NAME : ?div

  SEGMENTS IN THE MODULE
  ======================
<CODE> 1 (was CODE)
  Relative segment, address: 4E6A - 4E7F (0x16 bytes), align: 1
  Segment part 0.
           ENTRY                   ADDRESS         REF BY
           =====                   =======         ======
           div                     4E6A            _GenldLarge (?xprintflarge)

    -------------------------------------------------------------------------
  LIBRARY MODULE, NAME : ?Epilogue

  SEGMENTS IN THE MODULE
  ======================
<CODE> 1 (was CODE)
  Relative segment, address: 4EF2 - 4EF3 (0x2 bytes), align: 1
  Segment part 0.
           ENTRY                   ADDRESS         REF BY
           =====                   =======         ======
           ?Epilogue8              4EF2            gizDecompressionValue (gizwits_protocol)
                                                   gizProtocolGetOnePacket (gizwits_protocol)
                                                   gizProtocolIssuedDataAck (gizwits_protocol)
    -------------------------------------------------------------------------
<CODE> 1 (was CODE)
  Relative segment, address: 4EF4 - 4EF5 (0x2 bytes), align: 1
  Segment part 1.             Intra module refs:   ?Epilogue8
           ENTRY                   ADDRESS         REF BY
           =====                   =======         ======
           ?Epilogue7              4EF4 
    -------------------------------------------------------------------------
<CODE> 1 (was CODE)
  Relative segment, address: 4EF6 - 4EF7 (0x2 bytes), align: 1
  Segment part 2.             Intra module refs:   ?Epilogue7
           ENTRY                   ADDRESS         REF BY
           =====                   =======         ======
           ?Epilogue6              4EF6            _GenldLarge (?xprintflarge)
                                                   _LdtobLarge (?xprintflarge)
                                                   _LitobLarge (?xprintflarge)
                                                   _PrintfLarge (?xprintflarge)
                                                   gizProtocolIssuedProcess (gizwits_protocol)
                                                   gizReportData (gizwits_protocol)
                                                   rbRead (gizwits_protocol)
    -------------------------------------------------------------------------
<CODE> 1 (was CODE)
  Relative segment, address: 4EF8 - 4EF9 (0x2 bytes), align: 1
  Segment part 3.             Intra module refs:   ?Epilogue6
           ENTRY                   ADDRESS         REF BY
           =====                   =======         ======
           ?Epilogue5              4EF8            gizwitsEventProcess (gizwits_product)
                                                   rbWrite (gizwits_protocol)
                                                   uartWrite (gizwits_product)
    -------------------------------------------------------------------------
<CODE> 1 (was CODE)
  Relative segment, address: 4EFA - 4EFB (0x2 bytes), align: 1
  Segment part 4.             Intra module refs:   ?Epilogue5
           ENTRY                   ADDRESS         REF BY
           =====                   =======         ======
           ?Epilogue4              4EFA            _PutcharsLarge (?xprintflarge)
                                                   gizByteOrderExchange (gizwits_protocol)
                                                   gizExchangeWord (gizwits_protocol)
                                                   gizProtocolErrorCmd (gizwits_protocol)
                                                   gizProtocolSum (gizwits_protocol)
                                                   gizX2Y (gizwits_protocol)
                                                   gizY2X (gizwits_protocol)
                                                   pad (?xprintflarge)
    -------------------------------------------------------------------------
<CODE> 1 (was CODE)
  Relative segment, address: 4EFC - 4F03 (0x8 bytes), align: 1
  Segment part 5.             Intra module refs:   ?Epilogue4
           ENTRY                   ADDRESS         REF BY
           =====                   =======         ======
           ?Epilogue3              4EFC            gizCheckReport (gizwits_protocol)
                                                   gizCompressValue (gizwits_protocol)
                                                   gizDataPoint2Event (gizwits_protocol)
                                                   gizProtocolGetDeviceInfo (gizwits_protocol)
                                                   gizProtocolWaitAck (gizwits_protocol)
                                                   gizwitsHandle (gizwits_protocol)
                                                   rbCanWrite (gizwits_protocol)

    -------------------------------------------------------------------------
  LIBRARY MODULE, NAME : ?exit

  SEGMENTS IN THE MODULE
  ======================
<CODE> 1 (was CODE)
  Relative segment, address: 4FB6 - 4FB9 (0x4 bytes), align: 1
  Segment part 2.
           ENTRY                   ADDRESS         REF BY
           =====                   =======         ======
           exit                    4FB6            Segment part 18 (?cstart)
               calls direct

    -------------------------------------------------------------------------
  LIBRARY MODULE, NAME : ?Mul32fHw

  SEGMENTS IN THE MODULE
  ======================
<CODE> 1 (was CODE)
  Relative segment, address: 36F6 - 382B (0x136 bytes), align: 1
  Segment part 0.
           ENTRY                   ADDRESS         REF BY
           =====                   =======         ======
           ?Mul32fHw               36F6            _LdtobLarge (?xprintflarge)
                                                   scale (?xprintflarge)

    -------------------------------------------------------------------------
  LIBRARY MODULE, NAME : ?Cast32f32i

  SEGMENTS IN THE MODULE
  ======================
<CODE> 1 (was CODE)
  Relative segment, address: 4472 - 44EF (0x7e bytes), align: 1
  Segment part 1.
           ENTRY                   ADDRESS         REF BY
           =====                   =======         ======
           _Cast32uto32f           4472            _LdtobLarge (?xprintflarge)

    -------------------------------------------------------------------------
  LIBRARY MODULE, NAME : _Cast32fto32u

  SEGMENTS IN THE MODULE
  ======================
<CODE> 1 (was CODE)
  Relative segment, address: 4F7A - 4F85 (0xc bytes), align: 1
  Segment part 0.
           ENTRY                   ADDRESS         REF BY
           =====                   =======         ======
           _Cast32fto32u           4F7A            _LdtobLarge (?xprintflarge)

    -------------------------------------------------------------------------
  LIBRARY MODULE, NAME : ?FLT_Extract

  SEGMENTS IN THE MODULE
  ======================
<CODE> 1 (was CODE)
  Relative segment, address: 486E - 48B9 (0x4c bytes), align: 1
  Segment part 0.
           ENTRY                   ADDRESS         REF BY
[...]
                                                   gizProtocolIssuedProcess (gizwits_protocol)
                                                   gizProtocolNTP (gizwits_protocol)
                                                   gizProtocolWaitAck (gizwits_protocol)
                                                   gizReportData (gizwits_protocol)
                                                   rbRead (gizwits_protocol)
                                                   rbWrite (gizwits_protocol)

    -------------------------------------------------------------------------
  LIBRARY MODULE, NAME : ?memset

  SEGMENTS IN THE MODULE
  ======================
<CODE> 1 (was CODE)
  Relative segment, address: 4EBC - 4ECD (0x12 bytes), align: 1
  Segment part 2.
           ENTRY                   ADDRESS         REF BY
           =====                   =======         ======
           memset                  4EBC            gizDataPoints2ReportData (gizwits_protocol)
                                                   gizProtocolAckHandle (gizwits_protocol)
                                                   gizProtocolGetDeviceInfo (gizwits_protocol)
                                                   gizProtocolHeadInit (gizwits_protocol)
                                                   gizProtocolIssuedProcess (gizwits_protocol)
                                                   gizProtocolWaitAck (gizwits_protocol)
                                                   gizProtocolWaitAckCheck (gizwits_protocol)
                                                   gizwitsHandle (gizwits_protocol)
                                                   gizwitsInit (gizwits_protocol)
                                                   userInit (main)

    -------------------------------------------------------------------------
  LIBRARY MODULE, NAME : ?memzero

  SEGMENTS IN THE MODULE
  ======================
<CODE> 1 (was CODE)
  Relative segment, address: 4F28 - 4F37 (0x10 bytes), align: 1
  Segment part 2.
           ENTRY                   ADDRESS         REF BY
           =====                   =======         ======
           __data16_memzero        4F28            ?cstart_init_zero (?cstart)

    -------------------------------------------------------------------------
  LIBRARY MODULE, NAME : ?Mul8Hw

  SEGMENTS IN THE MODULE
  ======================
<CODE> 1 (was CODE)
  Relative segment, address: 4DBA - 4DBD (0x4 bytes), align: 1
  Segment part 0.
           ENTRY                   ADDRESS         REF BY
           =====                   =======         ======
           ?Mul8Hw                 4DBA            _LitobLarge (?xprintflarge)
    -------------------------------------------------------------------------
<CODE> 1 (was CODE)
  Relative segment, address: 4DBE - 4DD5 (0x18 bytes), align: 1
  Segment part 1.             Intra module refs:   ?Mul8Hw
           ENTRY                   ADDRESS         REF BY
           =====                   =======         ======
           ?Mul16Hw                4DBE 
           ?Mul16to32uHw           4DBE 

    -------------------------------------------------------------------------
  LIBRARY MODULE, NAME : ?Mul16to32sHw

  SEGMENTS IN THE MODULE
  ======================
<CODE> 1 (was CODE)
  Relative segment, address: 4E3C - 4E53 (0x18 bytes), align: 1
  Segment part 0.
           ENTRY                   ADDRESS         REF BY
           =====                   =======         ======
           ?Mul16to32sHw           4E3C            _LdtobLarge (?xprintflarge)

    -------------------------------------------------------------------------
  LIBRARY MODULE, NAME : ?Mul32Hw

  SEGMENTS IN THE MODULE
  ======================
<CODE> 1 (was CODE)
  Relative segment, address: 4B40 - 4B6D (0x2e bytes), align: 1
  Segment part 0.
           ENTRY                   ADDRESS         REF BY
           =====                   =======         ======
           ?Mul32Hw                4B40            gizX2Y (gizwits_protocol)

    -------------------------------------------------------------------------
  LIBRARY MODULE, NAME : ?printf

  SEGMENTS IN THE MODULE
  ======================
<CODE> 1 (was CODE)
  Relative segment, address: 4D9E - 4DB9 (0x1c bytes), align: 1
  Segment part 2.
           ENTRY                   ADDRESS         REF BY
           =====                   =======         ======
           printf                  4D9E            gizByteOrderExchange (gizwits_protocol)
                                                   gizCheckReport (gizwits_protocol)
                                                   gizCompressValue (gizwits_protocol)
                                                   gizDataPoint2Event (gizwits_protocol)
                                                   gizDataPoints2ReportData (gizwits_protocol)
                                                   gizDecompressionValue (gizwits_protocol)
                                                   gizDevReportPolicy (gizwits_protocol)
                                                   gizProtocolAckHandle (gizwits_protocol)
                                                   gizProtocolCommonAck (gizwits_protocol)
                                                   gizProtocolErrorCmd (gizwits_protocol)
                                                   gizProtocolGetDeviceInfo (gizwits_protocol)
                                                   gizProtocolGetOnePacket (gizwits_protocol)
                                                   gizProtocolHeadInit (gizwits_protocol)
                                                   gizProtocolIssuedDataAck (gizwits_protocol)
                                                   gizProtocolIssuedProcess (gizwits_protocol)
                                                   gizProtocolModuleStatus (gizwits_protocol)
                                                   gizProtocolNTP (gizwits_protocol)
                                                   gizProtocolResendData (gizwits_protocol)
                                                   gizProtocolSum (gizwits_protocol)
                                                   gizProtocolWaitAck (gizwits_protocol)
                                                   gizProtocolWaitAckCheck (gizwits_protocol)
                                                   gizPutData (gizwits_protocol)
                                                   gizReportData (gizwits_protocol)
                                                   gizwitsEventProcess (gizwits_product)
                                                   gizwitsHandle (gizwits_protocol)
                                                   main (main)
                                                   rbCanRead (gizwits_protocol)
                                                   rbCanWrite (gizwits_protocol)
                                                   rbCapacity (gizwits_protocol)
                                                   rbCreate (gizwits_protocol)
                                                   rbRead (gizwits_protocol)
                                                   rbWrite (gizwits_protocol)
                                                   uartWrite (gizwits_product)
               calls direct

    -------------------------------------------------------------------------
  LIBRARY MODULE, NAME : ?strchr

  SEGMENTS IN THE MODULE
  ======================
<CODE> 1 (was CODE)
  Relative segment, address: 4F38 - 4F45 (0xe bytes), align: 1
  Segment part 2.
           ENTRY                   ADDRESS         REF BY
           =====                   =======         ======
           __iar_Strchr            4F38            _PrintfLarge (?xprintflarge)

    -------------------------------------------------------------------------
  LIBRARY MODULE, NAME : ?strlen

  SEGMENTS IN THE MODULE
  ======================
<CODE> 1 (was CODE)
  Relative segment, address: 4F16 - 4F27 (0x12 bytes), align: 1
  Segment part 2.
           ENTRY                   ADDRESS         REF BY
           =====                   =======         ======
           strlen                  4F16            _PrintfLarge (?xprintflarge)

    -------------------------------------------------------------------------
  LIBRARY MODULE, NAME : ?xdunscal

  SEGMENTS IN THE MODULE
  ======================
<CODE> 1 (was CODE)
  Relative segment, address: 4904 - 494B (0x48 bytes), align: 1
  Segment part 2.
           ENTRY                   ADDRESS         REF BY
           =====                   =======         ======
           __iar_Dunscale          4904            _LdtobLarge (?xprintflarge)
               calls direct

    -------------------------------------------------------------------------
  LIBRARY MODULE, NAME : ?xprintflarge

  SEGMENTS IN THE MODULE
  ======================
<CODE> 1 (was CODE)
  Relative segment, address: 215C - 25EB (0x490 bytes), align: 1
  Segment part 18.
           ENTRY                   ADDRESS         REF BY
           =====                   =======         ======
           _PrintfLarge            215C            printf (?printf)
               calls direct
    -------------------------------------------------------------------------
<CODE> 1 (was CODE)
  Relative segment, address: 4F86 - 4F91 (0xc bytes), align: 1
  Segment part 20.            Intra module refs:   _PrintfLarge
    -------------------------------------------------------------------------
<CODE> 1 (was CODE)
  Relative segment, address: 4F62 - 4F6D (0xc bytes), align: 1
  Segment part 22.            Intra module refs:   _PrintfLarge
    -------------------------------------------------------------------------
<CODE> 1 (was CODE)
  Relative segment, address: 4E94 - 4EA7 (0x14 bytes), align: 1
  Segment part 25.            Intra module refs:   _PrintfLarge
    -------------------------------------------------------------------------
<CODE> 1 (was CODE)
  Relative segment, address: 19B4 - 1A33 (0x80 bytes), align: 1
  Segment part 8.             Intra module refs:   _PrintfLarge
           LOCAL                   ADDRESS         
           =====                   =======         
           LoadInt                 19B4 
    -------------------------------------------------------------------------
<CODE> 1 (was CODE)
  Relative segment, address: 1A34 - 1A41 (0xe bytes), align: 1
  Segment part 9.             Intra module refs:   LoadInt
    -------------------------------------------------------------------------
<CODE> 1 (was CODE)
  Relative segment, address: 1A42 - 1CA1 (0x260 bytes), align: 1
  Segment part 10.            Intra module refs:   _LdtobLarge
           LOCAL                   ADDRESS         
           =====                   =======         
           _GenldLarge             1A42 
               calls direct
    -------------------------------------------------------------------------
<CODE> 1 (was CODE)
  Relative segment, address: 1CA2 - 1CB1 (0x10 bytes), align: 1
  Segment part 11.            Intra module refs:   _GenldLarge
    -------------------------------------------------------------------------
<CODE> 1 (was CODE)
  Relative segment, address: 1CB2 - 1CCF (0x1e bytes), align: 1
  Segment part 12.            Intra module refs:   _GenldLarge
    -------------------------------------------------------------------------
<CODE> 1 (was CODE)
  Relative segment, address: 1CD0 - 1D21 (0x52 bytes), align: 1
  Segment part 13.            Intra module refs:   _LdtobLarge
           LOCAL                   ADDRESS         
           =====                   =======         
           scale                   1CD0 
               calls direct
    -------------------------------------------------------------------------
<CODE> 1 (was CODE)
  Relative segment, address: 1D22 - 1F73 (0x252 bytes), align: 1
  Segment part 14.            Intra module refs:   _PrintfLarge
           LOCAL                   ADDRESS         
           =====                   =======         
           _LdtobLarge             1D22 
               calls direct
    -------------------------------------------------------------------------
<CODE> 1 (was CODE)
  Relative segment, address: 1F74 - 213F (0x1cc bytes), align: 1
  Segment part 15.            Intra module refs:   _PrintfLarge
           LOCAL                   ADDRESS         
           =====                   =======         
           _LitobLarge             1F74 
               calls direct
    -------------------------------------------------------------------------
<CODE> 1 (was CODE)
  Relative segment, address: 2140 - 2151 (0x12 bytes), align: 1
  Segment part 16.            Intra module refs:   _LitobLarge
    -------------------------------------------------------------------------
<CODE> 1 (was CODE)
  Relative segment, address: 2152 - 215B (0xa bytes), align: 1
  Segment part 17.            Intra module refs:   LoadInt
                                                   _LitobLarge
                                                   _PrintfLarge
    -------------------------------------------------------------------------
<CODE> 1 (was CODE)
  Relative segment, address: 4AAA - 4ADF (0x36 bytes), align: 1
  Segment part 26.            Intra module refs:   Segment part 22
           LOCAL                   ADDRESS         
           =====                   =======         
           pad                     4AAA 
               calls direct
    -------------------------------------------------------------------------
<CODE> 1 (was CODE)
  Relative segment, address: 4D3E - 4D61 (0x24 bytes), align: 1
  Segment part 27.            Intra module refs:   _PrintfLarge
                                                   _PutcharsLarge
           LOCAL                   ADDRESS         
           =====                   =======         
           _PutcharLarge           4D3E 
               calls indirect
    -------------------------------------------------------------------------
<CODE> 1 (was CODE)
  Relative segment, address: 4BF2 - 4C1D (0x2c bytes), align: 1
  Segment part 28.            Intra module refs:   Segment part 20
                                                   pad
           LOCAL                   ADDRESS         
           =====                   =======         
           _PutcharsLarge          4BF2 
               calls direct
    -------------------------------------------------------------------------
<CODE> 1 (was CODE)
  Relative segment, address: 4F54 - 4F61 (0xe bytes), align: 1
  Segment part 19.            Intra module refs:   _PrintfLarge
    -------------------------------------------------------------------------
<CODE> 1 (was CODE)
  Relative segment, address: 4F46 - 4F53 (0xe bytes), align: 1
  Segment part 21.            Intra module refs:   _PrintfLarge
    -------------------------------------------------------------------------
<CODE> 1 (was CODE)
  Relative segment, address: 4F04 - 4F15 (0x12 bytes), align: 1
  Segment part 23.            Intra module refs:   _PrintfLarge
    -------------------------------------------------------------------------
<CODE> 1 (was CODE)
  Relative segment, address: 498C - 49C9 (0x3e bytes), align: 1
  Segment part 24.            Intra module refs:   _PrintfLarge
    -------------------------------------------------------------------------
DATA16_C
  Relative segment, address: 1983 - 1989 (0x7 bytes), align: 0
  Segment part 2.             Intra module refs:   _PrintfLarge
    -------------------------------------------------------------------------
DATA16_C
  Relative segment, address: 198A - 198D (0x4 bytes), align: 0
  Segment part 3.             Intra module refs:   _LdtobLarge
    -------------------------------------------------------------------------
DATA16_C
  Relative segment, address: 198E - 1991 (0x4 bytes), align: 0
  Segment part 4.             Intra module refs:   _LdtobLarge
    -------------------------------------------------------------------------
DATA16_C
  Relative segment, address: 1992 - 1995 (0x4 bytes), align: 0
  Segment part 5.             Intra module refs:   _LdtobLarge
    -------------------------------------------------------------------------
DATA16_C
  Relative segment, address: 1996 - 1999 (0x4 bytes), align: 0
  Segment part 6.             Intra module refs:   _LdtobLarge
    -------------------------------------------------------------------------
DATA16_C
  Relative segment, address: 199A - 199B (0x2 bytes), align: 0
  Segment part 7.             Intra module refs:   _GenldLarge

    -------------------------------------------------------------------------
  LIBRARY MODULE, NAME : ?xprout

  SEGMENTS IN THE MODULE
  ======================
<CODE> 1 (was CODE)
  Relative segment, address: 4D82 - 4D9D (0x1c bytes), align: 1
  Segment part 2.
           ENTRY                   ADDRESS         REF BY
           =====                   =======         ======
           _Prout                  4D82            printf (?printf)
               calls direct

    -------------------------------------------------------------------------
  LIBRARY MODULE, NAME : ?__exit

  SEGMENTS IN THE MODULE
  ======================
<CODE> 1 (was CODE)
  Relative segment, address: 4FC0 - 4FC1 (0x2 bytes), align: 1
  Segment part 2.
           ENTRY                   ADDRESS         REF BY
           =====                   =======         ======
           __exit                  4FC0            Segment part 6 (?_exit)
                                                   _exit (?_exit)




                ****************************************
                *                                      *
                *      SEGMENTS IN ADDRESS ORDER       *
                *                                      *
                ****************************************


SEGMENT              SPACE    START ADDRESS   END ADDRESS     SIZE  TYPE  ALIGN
=======              =====    =============   ===========     ====  ====  =====
DATA16_AN                              0000 - 0005               6   rel    0
                                       001B - 001B               1 
                                       0021 - 0022               2 
                                       0026 - 0026               1 
                                       002A - 002D               4 
                                       0057 - 0058               2 
                                       0070 - 0071               2 
                                       0073 - 0079               7 
                                       007B - 007D               3 
                                       007F - 007F               1 
                                       0120 - 0121               2 
                                       0160 - 0163               4 
                                       0172 - 0173               2 
DATA16_I                                  0200                       dse    0
DATA16_Z                               0200 - 038E             18F   rel    1
CSTACK                                 09B0 - 09FF              50   rel    1
DATA16_C                               1100 - 199B             89C   rel    0
CSTART                                 199C - 19B3              18   rel    1
<CODE> 1                               19B4 - 4FC3            3610   rel    1
INTVEC                                 FFE0 - FFF3              14   com    1
RESET                                  FFFE - FFFF               2   rel    1

                ****************************************
                *                                      *
                *        END OF CROSS REFERENCE        *
                *                                      *
                ****************************************

 13 886 bytes of CODE  memory
    479 bytes of DATA  memory (+ 37 absolute )
  2 204 bytes of CONST memory

Errors: none
Warnings: 2

